
R version 3.6.3 (2020-02-29) -- "Holding the Windsock"
Copyright (C) 2020 The R Foundation for Statistical Computing
Platform: x86_64-w64-mingw32/x64 (64-bit)

R is free software and comes with ABSOLUTELY NO WARRANTY.
You are welcome to redistribute it under certain conditions.
Type 'license()' or 'licence()' for distribution details.

  Natural language support but running in an English locale

R is a collaborative project with many contributors.
Type 'contributors()' for more information and
'citation()' on how to cite R or R packages in publications.

Type 'demo()' for some demos, 'help()' for on-line help, or
'help.start()' for an HTML browser interface to help.
Type 'q()' to quit R.

> log(-1)
[1] NaN
Warning message:
In log(-1) : NaNs produced
> printmessage <- function(x) {
+ if(x > 0)
+ print("x is greater than zero")
+ else
+ print("x is less than or equal to zero")
+ invisible(x)
+ }
> printmessage(1)
[1] "x is greater than zero"
> printmessage(NA)
Error in if (x > 0) print("x is greater than zero") else print("x is less than or equal to zero") : 
  missing value where TRUE/FALSE needed
> 
> printmessage2 <- function(x) {
+ if(is.na(x))
+ print("x is a missing value!")
+ else if(x > 0)
+ print("x is a greater than zero")
+ else
+ print("x is less than or equal to zero")
+ invisible(x)
+ }
> x <- log(-1)
Warning message:
In log(-1) : NaNs produced
> printmessage2(x)
[1] "x is a missing value!"
> 
>##How do know that something is wrong with your function?
>##What was your input? How did you call the function?
>##What were you expecting? Output, messages, other results?
>What did you get?
>##How does what you get differ from what you were expecting?
>##Were your expectations correct in the first place?
>##Can you reproduce the problem (exactly)?
